<!DOCTYPE html>
<html>
<head>
    <!-- Document Settings -->
    <meta charset="utf-8" />
    <meta http-equiv="X-UA-Compatible" content="IE=edge" />

    <!-- Page Meta -->
    <title>Author</title>
    <meta name="description" content="The best place to stay up to date with Robloxian Adventures, Mountaneering and Roblox news!" />

    <!-- Mobile Meta -->
    <meta name="HandheldFriendly" content="True" />
    <meta name="viewport" content="width=device-width, initial-scale=1.0" />

    <!-- Brand icon -->
    <link rel="shortcut icon" href="/blog/assets/images/favicon.ico" >

    <!-- Styles'n'Scripts -->
    <link rel="stylesheet" type="text/css" href="/blog/assets/css/screen.css" />
    <link rel="stylesheet" type="text/css" href="//fonts.googleapis.com/css?family=Merriweather:300,700,700italic,300italic|Open+Sans:700,400" />
    <link rel="stylesheet" type="text/css" href="/blog/assets/css/syntax.css" />

    <!-- highlight.js -->
    <link rel="stylesheet" href="//cdnjs.cloudflare.com/ajax/libs/highlight.js/9.3.0/styles/default.min.css">
    <style>.hljs { background: none; }</style>

    <!-- Ghost outputs important style and meta data with this tag -->
        <link rel="canonical" href="/blog//author/golden/" />
    <meta name="referrer" content="origin" />
    <link rel="next" href="/blog/page2/" />

    <meta property="og:site_name" content="The Mountaineer" />
    <meta property="og:type" content="website" />
    <meta property="og:title" content="Author" />
    <meta property="og:description" content="The best place to stay up to date with Robloxian Adventures, Mountaneering and Roblox news!" />
    <meta property="og:url" content="/blog//author/golden/" />
    <meta property="og:image" content="/blog/assets/images/cover1.jpg" />

    <meta name="twitter:card" content="summary_large_image" />
    <meta name="twitter:title" content="Author" />
    <meta name="twitter:description" content="The best place to stay up to date with Robloxian Adventures, Mountaneering and Roblox news!" />
    <meta name="twitter:url" content="/blog//author/golden/" />
    <meta name="twitter:image:src" content="/blog/assets/images/cover1.jpg" />

    <script type="application/ld+json">
{
    "@context": "http://schema.org",
    "@type": "Website",
    "publisher": "The Mountaineer",
    "name": "Author",
    "url": "/blog//author/golden/",
    "image": "/blog/assets/images/cover1.jpg",
    "description": "The best place to stay up to date with Robloxian Adventures, Mountaneering and Roblox news!"
}
    </script>

    <meta name="generator" content="Jekyll 3.0.0" />
    <link rel="alternate" type="application/rss+xml" title="The Mountaineer" href="/blog/feed.xml" />
    <!-- Global site tag (gtag.js) - Google Analytics -->
    <script async src="https://www.googletagmanager.com/gtag/js?id=G-XCSL9L7X7Z"></script>
    <script>
    window.dataLayer = window.dataLayer || [];
        function gtag(){dataLayer.push(arguments);}
        gtag('js', new Date());

        gtag('config', 'G-XCSL9L7X7Z');
    </script>


</head>
<body class="author-template nav-closed">

    <!-- The blog navigation links -->
    <div class="nav">
    <h3 class="nav-title">Menu</h3>
    <a href="#" class="nav-close">
        <span class="hidden">Close</span>
    </a>
    <ul>
        <li class="nav-home " role="presentation"><a href="/blog/">Home</a></li>
        <li class="nav-about " role="presentation"><a href="/blog/about">About</a></li>
        <li class="nav-official " role="presentation"><a href="/blog/tag/official">Official</a></li>
        <li class="nav-community " role="presentation"><a href="/blog/tag/community">Community</a></li>
        <br>
        <li class="nav-redir" role="presentation"><a href="https://robloxian-adventures.github.io/">RA Website<a></li>
    </ul>
</div>
<span class="nav-cover"></span>


    <div class="site-wrapper">

        <!-- All the main content gets inserted here, index.hbs, post.hbs, etc -->
        <!-- < default}} -->
<!-- The tag above means - insert everything in this file into the [body] of the default.hbs template -->

<!-- The big featured header -->

<!-- Everything inside the #author tags pulls data from the author -->
<!-- #author  -->
    <head>
        <link href="https://cdn.jsdelivr.net/npm/bootstrap@5.1.1/dist/css/bootstrap.min.css" rel="stylesheet" integrity="sha384-F3w7mX95PdgyTmZZMECAngseQB83DfGTowi0iMjiWaeVhAn4FJkqJByhZMI3AhiU" crossorigin="anonymous">
        <meta http-equiv="X-UA-Compatible" content="IE=edge">
        <link rel="preconnect" href="https://fonts.googleapis.com">
        <link rel="preconnect" href="https://fonts.gstatic.com" crossorigin>
    </head>
    <header class="main-header author-head " style="background-image: url(/blog/assets/images/cover1.jpg) ">
        <nav class="main-nav overlay clearfix">
            <a class="blog-logo" href="/blog/"><img src="/blog/assets/images/mountaineer_logo.png" alt="Blog Logo" /></a>
            
                <a class="menu-button icon-menu" href="#"><span class="word">Menu</span></a>
            
        </nav>
    </header>

    <section class="author-profile inner">
        
            
                
                <figure class="author-image">
                    <div class="img" style="background-image: url(/blog/assets/images/authors/golden.jpg)"><span class="hidden">Cameron's Picture</span></div>
                </figure>
                
        <h1 class="author-title">Cameron <span class="badge rounded-pill bg-warning text-dark">Admin</span></h1>
                
                    <div style="display:inline; text-align: justify; text-justify: inter-word;">
                        <h2 class="author-bio">Just another depressed 17 year old. Back end developer & CFO of Robloxian adventures.</h2>
                    </div>
                
                <div class="author-meta">
                    <span class="author-location icon-location">NYC, NY</span>
                    <span class="author-link icon-link"><a href="https://goldendev.tech/">goldendev.tech</a></span>
                    <!-- <span class="author-stats"><i class="icon-stats"></i> [[plural ../pagination.total empty='No posts' singular='% post' plural='% posts']]</span> -->
                    <span class="author-stats"><i class="icon-stats"></i>3 posts</span>
                </div>
            
        
            
        
            
        
    </section>
<!-- /author -->

<!-- The main content area on the homepage -->
<main id="content" class="content" role="main">

    <!-- The tag below includes the post loop - partials/loop.hbs  -->
        <!-- Previous/next page links - only displayed on page 2+ -->
    <div class="extra-pagination inner">
        
            <nav class="pagination" role="pagination">
    
    <span class="page-number"> Page 1 of 1 </span>
    
</nav>

        
    </div>

    <!-- This is the post loop - each post will be output using this markup -->
    
    <article class="post">
        <header class="post-header">
            <h2 class="post-title"><a href="/blog/test">New blog... Who dis?</a></h2>
        </header>
        <section class="post-excerptt">
            <p>aaaa
 <a class="read-more" href="/blog/test">&raquo;</a></p>
        </section>
        <footer class="post-meta">
            
                
            
                

                <img class="author-thumb" src="/blog/assets/images/authors/rob.gif" alt="Author image" nopin="nopin" />
                <!-- author -->
                <a href='/blog/author/AristotleCreed'>AristotleCreed</a>

                
            
                
            

            <!-- [[tags prefix=" on "]] -->
            
                on
                
                    
                       <a href='/blog/tag/testing'>Testing</a>
                    
                
            
            <time class="post-date" datetime="2022-04-14">14 Apr 2022</time>
        </footer>
    </article>
    
    <article class="post">
        <header class="post-header">
            <h2 class="post-title"><a href="/blog/another-example">Example for rob!</a></h2>
        </header>
        <section class="post-excerptt">
            <p>Make sure title has current date, then title and is a .md file.

Example: 2022-04-15-another-example.md


 <a class="read-more" href="/blog/another-example">&raquo;</a></p>
        </section>
        <footer class="post-meta">
            
                
            
                

                <img class="author-thumb" src="/blog/assets/images/authors/rob.gif" alt="Author image" nopin="nopin" />
                <!-- author -->
                <a href='/blog/author/AristotleCreed'>AristotleCreed</a>

                
            
                
            

            <!-- [[tags prefix=" on "]] -->
            
                on
                
                    
                       <a href='/blog/tag/testing'>Testing</a>
                    
                
            
            <time class="post-date" datetime="2022-04-14">14 Apr 2022</time>
        </footer>
    </article>
    
    <article class="post">
        <header class="post-header">
            <h2 class="post-title"><a href="/blog/Basic-Markdown">Basic Markdown</a></h2>
        </header>
        <section class="post-excerptt">
            <p>Welcome to the future of RA. Unlimited news, all in one place. Here Iâ€™ll be showing you guys some basic markdown, the best markdown software around.... <a class="read-more" href="/blog/Basic-Markdown">&raquo;</a></p>
        </section>
        <footer class="post-meta">
            
                

                <img class="author-thumb" src="/blog/assets/images/authors/golden.jpg" alt="Author image" nopin="nopin" />
                <!-- author -->
                <a href='/blog/author/golden'>Cameron</a>

                
            
                
            
                
            

            <!-- [[tags prefix=" on "]] -->
            
                on
                
                    
                       <a href='/blog/tag/contributing'>Contributing</a>,
                    
                
                    
                       <a href='/blog/tag/official'>Official</a>
                    
                
            
            <time class="post-date" datetime="2022-03-23">23 Mar 2022</time>
        </footer>
    </article>
    

    <!-- Previous/next page links - displayed on every page -->
    
        <nav class="pagination" role="pagination">
    
    <span class="page-number"> Page 1 of 1 </span>
    
</nav>

    


</main>


        <!-- The tiny footer at the very bottom -->
        <footer class="site-footer clearfix">
          <section class="copyright"><a href="/blog/">The Mountaineer</a> &copy; 2022</section>
          <section class="poweredby">Proudly published with <a href="https://jekyllrb.com/">Jekyll</a> using <a href="https://github.com/jekyllt/jasper">Jasper</a></section>
        </footer>
    </div>
    <!-- highlight.js -->
    <script src="//cdnjs.cloudflare.com/ajax/libs/highlight.js/9.3.0/highlight.min.js"></script>
    <script>hljs.initHighlightingOnLoad();</script>

    <!-- jQuery needs to come before `` so that jQuery can be used in code injection -->
    <script type="text/javascript" src="//code.jquery.com/jquery-1.12.0.min.js"></script>
    <!-- Ghost outputs important scripts and data with this tag -->
    <!--  -->
    <!-- Add Google Analytics  -->
    <!-- Global site tag (gtag.js) - Google Analytics -->
<script async src="https://www.googletagmanager.com/gtag/js?id=G-XCSL9L7X7Z"></script>
<script>
  window.dataLayer = window.dataLayer || [];
  function gtag(){dataLayer.push(arguments);}
  gtag('js', new Date());

  gtag('config', 'G-XCSL9L7X7Z');
</script>
    <!-- Fitvids makes video embeds responsive and awesome -->
    <script type="text/javascript" src="/blog/assets/js/jquery.fitvids.js"></script>
    <!-- The main JavaScript file for Casper -->
    <script type="text/javascript" src="/blog/assets/js/index.js"></script>

</body>
</html>
